{
  "name": "Sugarizer",
  "version": "1.3.0",
  "main": "main.js",
  "scripts": {
    "start": "electron .",
    "dist": "electron-builder --linux snap"
  },
  "repository": "https://github.com/llaske/sugarizer",
  "author": "Lionel Laské <lionel@sugarizer.org>",
  "description": "A taste of Sugar on any device",
  "license": "Apache-2.0",
  "dependencies": {
    "requirejs": "~2.3.5",
    "tmp": "~0.1.0",
    "ini": "1.1.x"
  },
  "devDependencies": {
    "electron": "~6.0.0",
    "grunt": "~0.4.5",
    "grunt-contrib-jshint": "~0.10.0",
    "grunt-contrib-nodeunit": "~0.4.1",
    "grunt-contrib-uglify": "~0.5.1"
  },
  "build": {
    "appId": "org.olpc-france.sugarizer",
    "copyright": "Copyright © 2013-2020, Lionel Laské, Sugar Labs Inc. and Contributors",
    "productName": "Sugarizer",
    "electronVersion": "6.0.9",
    "mac": {
      "category": "public.app-category.education"
    },
    "win": {
      "target": [ "nsis" ]
    },
    "linux": {
      "target": [ "snap" ]
    },
    "snap": {
      "plugs": ["desktop", "desktop-legacy", "home", "x11", "unity7", "network", "gsettings", "pulseaudio", "opengl", "camera", "browser-support"]
    }
  }
}
